🗺️  Building complete OSM planet spatial index
📊 Total pieces: 21763
💾 Estimated download: ~200 MB
⏱️  Started: Wed Feb 18 07:32:19 PM EST 2026

📦 Sampling every 71st piece (Monster Group distribution)
Fetching piece 0...
📍 Building spatial index checkpoint...
Fetching piece 71...
Fetching piece 142...
Fetching piece 213...
Fetching piece 284...
Fetching piece 355...
Fetching piece 426...
Fetching piece 497...
Fetching piece 568...
Fetching piece 639...
Fetching piece 710...
📍 Building spatial index checkpoint...
Fetching piece 781...
Fetching piece 852...
Fetching piece 923...
Fetching piece 994...
Fetching piece 1065...
Fetching piece 1136...
Fetching piece 1207...
Fetching piece 1278...
Fetching piece 1349...
Fetching piece 1420...
📍 Building spatial index checkpoint...
Fetching piece 1491...
Fetching piece 1562...
Fetching piece 1633...
Fetching piece 1704...
Fetching piece 1775...
Fetching piece 1846...
Fetching piece 1917...
Fetching piece 1988...
Fetching piece 2059...
Fetching piece 2130...
📍 Building spatial index checkpoint...
Fetching piece 2201...
Fetching piece 2272...
Fetching piece 2343...
Fetching piece 2414...
Fetching piece 2485...
Fetching piece 2556...
Fetching piece 2627...
Fetching piece 2698...
Fetching piece 2769...
Fetching piece 2840...
📍 Building spatial index checkpoint...
Fetching piece 2911...
Fetching piece 2982...
Fetching piece 3053...
Fetching piece 3124...
Fetching piece 3195...
Fetching piece 3266...
Fetching piece 3337...
Fetching piece 3408...
Fetching piece 3479...
Fetching piece 3550...
📍 Building spatial index checkpoint...
Fetching piece 3621...
Fetching piece 3692...
Fetching piece 3763...
Fetching piece 3834...
Fetching piece 3905...
Fetching piece 3976...
Fetching piece 4047...
Fetching piece 4118...
Fetching piece 4189...
Fetching piece 4260...
📍 Building spatial index checkpoint...
Fetching piece 4331...
Fetching piece 4402...
Fetching piece 4473...
Fetching piece 4544...
Fetching piece 4615...
Fetching piece 4686...
Fetching piece 4757...
Fetching piece 4828...
Fetching piece 4899...
Fetching piece 4970...
📍 Building spatial index checkpoint...
Fetching piece 5041...
Fetching piece 5112...
Fetching piece 5183...
Fetching piece 5254...
Fetching piece 5325...
Fetching piece 5396...
Fetching piece 5467...
Fetching piece 5538...
Fetching piece 5609...
Fetching piece 5680...
📍 Building spatial index checkpoint...
Fetching piece 5751...
Fetching piece 5822...
Fetching piece 5893...
Fetching piece 5964...
Fetching piece 6035...
Fetching piece 6106...
Fetching piece 6177...
Fetching piece 6248...
Fetching piece 6319...
Fetching piece 6390...
📍 Building spatial index checkpoint...
Fetching piece 6461...
Fetching piece 6532...
Fetching piece 6603...
Fetching piece 6674...
Fetching piece 6745...
Fetching piece 6816...
Fetching piece 6887...
Fetching piece 6958...
Fetching piece 7029...
Fetching piece 7100...
📍 Building spatial index checkpoint...
Fetching piece 7171...
Fetching piece 7242...
Fetching piece 7313...
Fetching piece 7384...
Fetching piece 7455...
Fetching piece 7526...
Fetching piece 7597...
Fetching piece 7668...
Fetching piece 7739...
Fetching piece 7810...
📍 Building spatial index checkpoint...
Fetching piece 7881...
Fetching piece 7952...
Fetching piece 8023...
Fetching piece 8094...
Fetching piece 8165...
Fetching piece 8236...
Fetching piece 8307...
Fetching piece 8378...
Fetching piece 8449...
Fetching piece 8520...
📍 Building spatial index checkpoint...
Fetching piece 8591...
Fetching piece 8662...
Fetching piece 8733...
Fetching piece 8804...
Fetching piece 8875...
Fetching piece 8946...
Fetching piece 9017...
Fetching piece 9088...
Fetching piece 9159...
Fetching piece 9230...
📍 Building spatial index checkpoint...
Fetching piece 9301...
Fetching piece 9372...
Fetching piece 9443...
Fetching piece 9514...
Fetching piece 9585...
Fetching piece 9656...
Fetching piece 9727...
Fetching piece 9798...
Fetching piece 9869...
Fetching piece 9940...
📍 Building spatial index checkpoint...
Fetching piece 10011...
Fetching piece 10082...
Fetching piece 10153...
Fetching piece 10224...
Fetching piece 10295...
Fetching piece 10366...
Fetching piece 10437...
Fetching piece 10508...
Fetching piece 10579...
Fetching piece 10650...
📍 Building spatial index checkpoint...
Fetching piece 10721...
Fetching piece 10792...
Fetching piece 10863...
Fetching piece 10934...
Fetching piece 11005...
Fetching piece 11076...
Fetching piece 11147...
Fetching piece 11218...
Fetching piece 11289...
Fetching piece 11360...
📍 Building spatial index checkpoint...
Fetching piece 11431...
Fetching piece 11502...
Fetching piece 11573...
Fetching piece 11644...
Fetching piece 11715...
Fetching piece 11786...
Fetching piece 11857...
Fetching piece 11928...
Fetching piece 11999...
Fetching piece 12070...
📍 Building spatial index checkpoint...
Fetching piece 12141...
Fetching piece 12212...
Fetching piece 12283...
Fetching piece 12354...
Fetching piece 12425...
Fetching piece 12496...
Fetching piece 12567...
Fetching piece 12638...
Fetching piece 12709...
Fetching piece 12780...
📍 Building spatial index checkpoint...
Fetching piece 12851...
Fetching piece 12922...
Fetching piece 12993...
Fetching piece 13064...
Fetching piece 13135...
Fetching piece 13206...
Fetching piece 13277...
Fetching piece 13348...
Fetching piece 13419...
Fetching piece 13490...
📍 Building spatial index checkpoint...
Fetching piece 13561...
Fetching piece 13632...
Fetching piece 13703...
Fetching piece 13774...
Fetching piece 13845...
Fetching piece 13916...
Fetching piece 13987...
Fetching piece 14058...
Fetching piece 14129...
Fetching piece 14200...
📍 Building spatial index checkpoint...
Fetching piece 14271...
Fetching piece 14342...
Fetching piece 14413...
Fetching piece 14484...
Fetching piece 14555...
Fetching piece 14626...
Fetching piece 14697...
Fetching piece 14768...
Fetching piece 14839...
Fetching piece 14910...
📍 Building spatial index checkpoint...
Fetching piece 14981...
Fetching piece 15052...
Fetching piece 15123...
Fetching piece 15194...
Fetching piece 15265...
Fetching piece 15336...
Fetching piece 15407...
Fetching piece 15478...
Fetching piece 15549...
Fetching piece 15620...
📍 Building spatial index checkpoint...
Fetching piece 15691...
Fetching piece 15762...
Fetching piece 15833...
Fetching piece 15904...
Fetching piece 15975...
Fetching piece 16046...
Fetching piece 16117...
Fetching piece 16188...
Fetching piece 16259...
Fetching piece 16330...
📍 Building spatial index checkpoint...
Fetching piece 16401...
Fetching piece 16472...
Fetching piece 16543...
Fetching piece 16614...
Fetching piece 16685...
Fetching piece 16756...
Fetching piece 16827...
Fetching piece 16898...
Fetching piece 16969...
Fetching piece 17040...
📍 Building spatial index checkpoint...
Fetching piece 17111...
Fetching piece 17182...
Fetching piece 17253...
Fetching piece 17324...
Fetching piece 17395...
Fetching piece 17466...
Fetching piece 17537...
Fetching piece 17608...
Fetching piece 17679...
Fetching piece 17750...
📍 Building spatial index checkpoint...
Fetching piece 17821...
Fetching piece 17892...
Fetching piece 17963...
Fetching piece 18034...
Fetching piece 18105...
Fetching piece 18176...
Fetching piece 18247...
Fetching piece 18318...
Fetching piece 18389...
Fetching piece 18460...
📍 Building spatial index checkpoint...
Fetching piece 18531...
Fetching piece 18602...
Fetching piece 18673...
Fetching piece 18744...
Fetching piece 18815...
Fetching piece 18886...
Fetching piece 18957...
Fetching piece 19028...
Fetching piece 19099...
Fetching piece 19170...
📍 Building spatial index checkpoint...
Fetching piece 19241...
Fetching piece 19312...
Fetching piece 19383...
Fetching piece 19454...
Fetching piece 19525...
Fetching piece 19596...
Fetching piece 19667...
Fetching piece 19738...
Fetching piece 19809...
Fetching piece 19880...
📍 Building spatial index checkpoint...
Fetching piece 19951...
Fetching piece 20022...
Fetching piece 20093...
Fetching piece 20164...
Fetching piece 20235...
Fetching piece 20306...
Fetching piece 20377...
Fetching piece 20448...
Fetching piece 20519...
Fetching piece 20590...
📍 Building spatial index checkpoint...
Fetching piece 20661...
Fetching piece 20732...
Fetching piece 20803...
Fetching piece 20874...
Fetching piece 20945...
Fetching piece 21016...
Fetching piece 21087...
Fetching piece 21158...
Fetching piece 21229...
Fetching piece 21300...
📍 Building spatial index checkpoint...
Fetching piece 21371...
Fetching piece 21442...
Fetching piece 21513...
Fetching piece 21584...
Fetching piece 21655...
Fetching piece 21726...

✅ Download complete!
⏱️  Finished: Wed Feb 18 07:42:39 PM EST 2026
📍 Building final spatial index...
./build_full_index.sh: line 49: cargo: command not found

🎉 Spatial index complete!
📊 Query with: cargo run --bin query-index -- geo <lat> <lon>
🗺️  Building complete OSM planet spatial index
📊 Total pieces: 21763
💾 Estimated download: ~200 MB
⏱️  Started: Wed Feb 18 07:45:57 PM EST 2026

📦 Sampling every 71st piece (Monster Group distribution)
Fetching piece 0...
