warning: Git tree '/mnt/data1/nix/vendor/rust/cargo2nix' is dirty
warning: ignoring the client-specified setting 'stalled-download-timeout', because it is a restricted setting and you are not a trusted user
warning: ignoring the client-specified setting 'stalled-download-timeout', because it is a restricted setting and you are not a trusted user
warning: ignoring the client-specified setting 'stalled-download-timeout', because it is a restricted setting and you are not a trusted user
Nix development shell with Rust, libgit2, curl, openssl, and rocksdb dependencies ready.
warning: unused import: `std::fs::File`
 --> src/chunk_writer.rs:4:5
  |
4 | use std::fs::File;
  |     ^^^^^^^^^^^^^
  |
  = note: `#[warn(unused_imports)]` (part of `#[warn(unused)]`) on by default

warning: unused variable: `file_id`
  --> src/print_storage.rs:56:26
   |
56 |     fn pwrite_all(&self, file_id: usize, offset: u64, buf: &[u8]) -> Result<()> {
   |                          ^^^^^^^ help: if this is intentional, prefix it with an underscore: `_file_id`
   |
   = note: `#[warn(unused_variables)]` (part of `#[warn(unused)]`) on by default

warning: for loop over a `Result`. This is more readably written as an `if let` statement
  --> src/print_storage.rs:24:24
   |
24 |           for element in reader.par_map_reduce(
   |  ________________________^
25 | |             |element| {
26 | |                 let mut coords = Vec::new();
27 | |                 match element {
...  |
36 | |             |mut a, b| { a.extend(b); a }
37 | |         ) {
   | |_________^
   |
   = note: `#[warn(for_loops_over_fallibles)]` on by default
help: to check pattern in a loop use `while let`
   |
24 -         for element in reader.par_map_reduce(
24 +         while let Ok(element) = reader.par_map_reduce(
   |
help: consider using `if let` to clear intent
   |
24 -         for element in reader.par_map_reduce(
24 +         if let Ok(element) = reader.par_map_reduce(
   |

warning: `osm-planet-torrent` (lib) generated 3 warnings (run `cargo fix --lib -p osm-planet-torrent` to apply 1 suggestion)
warning: unused variable: `v`
   --> src/bin/stream_and_index.rs:136:25
    |
136 |                     let v = dense.keys_vals[kv_index];
    |                         ^ help: if this is intentional, prefix it with an underscore: `_v`
    |
    = note: `#[warn(unused_variables)]` (part of `#[warn(unused)]`) on by default

warning: `osm-planet-torrent` (bin "stream-and-index") generated 1 warning
    Finished `dev` profile [unoptimized + debuginfo] target(s) in 0.10s
     Running `target/debug/stream-and-index`
🌍 Streaming OSM planet download + real-time indexing
📦 Torrent: https://planet.openstreetmap.org/pbf/planet-latest.osm.pbf.torrent
💾 Output: /mnt/data1/osm-planet
📊 Index: streaming_spatial_index.jsonl

📥 Downloading torrent file...
✓ Cached torrent file: planet-latest.osm.pbf.torrent (436779 bytes)
✓ Torrent started, indexing pieces as they download...

📊 Download: 0.00% | Indexed: 0 pieces | Speed: N/A
📊 Download: 0.06% | Indexed: 0 pieces | Speed: 0.00 MiB/s
📊 Download: 0.06% | Indexed: 0 pieces | Speed: 0.00 MiB/s
📊 Download: 0.06% | Indexed: 0 pieces | Speed: 0.00 MiB/s
📊 Download: 0.06% | Indexed: 0 pieces | Speed: 0.00 MiB/s
📊 Download: 0.13% | Indexed: 0 pieces | Speed: 6.72 MiB/s
📊 Download: 0.50% | Indexed: 0 pieces | Speed: 11.27 MiB/s
📊 Download: 0.61% | Indexed: 0 pieces | Speed: 0.00 MiB/s
